Hello, World!
42!
HELLO
WORLD
Hello: World
World: Hello
